

================================================================
== Vivado HLS Report for 'mean_filter_2D'
================================================================
* Date:           Sun Mar 14 17:37:42 2021

* Version:        2019.2 (Build 2704478 on Wed Nov 06 22:10:23 MST 2019)
* Project:        fishery
* Solution:       solution1
* Product family: zynquplus
* Target device:  xczu9eg-ffvb1156-2-e


================================================================
== Performance Estimates
================================================================
+ Timing: 
    * Summary: 
    +--------+----------+----------+------------+
    |  Clock |  Target  | Estimated| Uncertainty|
    +--------+----------+----------+------------+
    |ap_clk  | 10.00 ns | 8.611 ns |   1.25 ns  |
    +--------+----------+----------+------------+

+ Latency: 
    * Summary: 
    +---------+---------+----------+----------+--------+--------+---------+
    |  Latency (cycles) |  Latency (absolute) |     Interval    | Pipeline|
    |   min   |   max   |    min   |    max   |   min  |   max  |   Type  |
    +---------+---------+----------+----------+--------+--------+---------+
    |   133714|   133714| 1.337 ms | 1.337 ms |  133714|  133714|   none  |
    +---------+---------+----------+----------+--------+--------+---------+

    + Detail: 
        * Instance: 
        +--------------------+----------+---------+---------+----------+----------+--------+--------+---------+
        |                    |          |  Latency (cycles) |  Latency (absolute) |     Interval    | Pipeline|
        |      Instance      |  Module  |   min   |   max   |    min   |    max   |   min  |   max  |   Type  |
        +--------------------+----------+---------+---------+----------+----------+--------+--------+---------+
        |grp_Filter2D_fu_18  |Filter2D  |   133713|   133713| 1.337 ms | 1.337 ms |  133713|  133713|   none  |
        +--------------------+----------+---------+---------+----------+----------+--------+--------+---------+

        * Loop: 
        N/A



================================================================
== Utilization Estimates
================================================================
* Summary: 
+-----------------+---------+-------+--------+--------+-----+
|       Name      | BRAM_18K| DSP48E|   FF   |   LUT  | URAM|
+-----------------+---------+-------+--------+--------+-----+
|DSP              |        -|      -|       -|       -|    -|
|Expression       |        -|      -|       0|       2|    -|
|FIFO             |        -|      -|       -|       -|    -|
|Instance         |        8|      -|    1710|    5138|    0|
|Memory           |        -|      -|       -|       -|    -|
|Multiplexer      |        -|      -|       -|      42|    -|
|Register         |        -|      -|       4|       -|    -|
+-----------------+---------+-------+--------+--------+-----+
|Total            |        8|      0|    1714|    5182|    0|
+-----------------+---------+-------+--------+--------+-----+
|Available        |     1824|   2520|  548160|  274080|    0|
+-----------------+---------+-------+--------+--------+-----+
|Utilization (%)  |    ~0   |      0|   ~0   |       1|    0|
+-----------------+---------+-------+--------+--------+-----+

+ Detail: 
    * Instance: 
    +--------------------+----------+---------+-------+------+------+-----+
    |      Instance      |  Module  | BRAM_18K| DSP48E|  FF  |  LUT | URAM|
    +--------------------+----------+---------+-------+------+------+-----+
    |grp_Filter2D_fu_18  |Filter2D  |        8|      0|  1710|  5138|    0|
    +--------------------+----------+---------+-------+------+------+-----+
    |Total               |          |        8|      0|  1710|  5138|    0|
    +--------------------+----------+---------+-------+------+------+-----+

    * DSP48E: 
    N/A

    * Memory: 
    N/A

    * FIFO: 
    N/A

    * Expression: 
    +-----------------+----------+-------+---+----+------------+------------+
    |  Variable Name  | Operation| DSP48E| FF| LUT| Bitwidth P0| Bitwidth P1|
    +-----------------+----------+-------+---+----+------------+------------+
    |ap_block_state1  |    or    |      0|  0|   2|           1|           1|
    +-----------------+----------+-------+---+----+------------+------------+
    |Total            |          |      0|  0|   2|           1|           1|
    +-----------------+----------+-------+---+----+------------+------------+

    * Multiplexer: 
    +-----------------------------+----+-----------+-----+-----------+
    |             Name            | LUT| Input Size| Bits| Total Bits|
    +-----------------------------+----+-----------+-----+-----------+
    |ap_NS_fsm                    |  15|          3|    1|          3|
    |ap_done                      |   9|          2|    1|          2|
    |img_in_data_stream_V_read    |   9|          2|    1|          2|
    |img_out_data_stream_V_write  |   9|          2|    1|          2|
    +-----------------------------+----+-----------+-----+-----------+
    |Total                        |  42|          9|    4|          9|
    +-----------------------------+----+-----------+-----+-----------+

    * Register: 
    +---------------------------------+---+----+-----+-----------+
    |               Name              | FF| LUT| Bits| Const Bits|
    +---------------------------------+---+----+-----+-----------+
    |ap_CS_fsm                        |  2|   0|    2|          0|
    |ap_done_reg                      |  1|   0|    1|          0|
    |grp_Filter2D_fu_18_ap_start_reg  |  1|   0|    1|          0|
    +---------------------------------+---+----+-----+-----------+
    |Total                            |  4|   0|    4|          0|
    +---------------------------------+---+----+-----+-----------+



================================================================
== Interface
================================================================
* Summary: 
+------------------------------+-----+-----+------------+-----------------------+--------------+
|           RTL Ports          | Dir | Bits|  Protocol  |     Source Object     |    C Type    |
+------------------------------+-----+-----+------------+-----------------------+--------------+
|ap_clk                        |  in |    1| ap_ctrl_hs |     mean_filter_2D    | return value |
|ap_rst                        |  in |    1| ap_ctrl_hs |     mean_filter_2D    | return value |
|ap_start                      |  in |    1| ap_ctrl_hs |     mean_filter_2D    | return value |
|ap_done                       | out |    1| ap_ctrl_hs |     mean_filter_2D    | return value |
|ap_continue                   |  in |    1| ap_ctrl_hs |     mean_filter_2D    | return value |
|ap_idle                       | out |    1| ap_ctrl_hs |     mean_filter_2D    | return value |
|ap_ready                      | out |    1| ap_ctrl_hs |     mean_filter_2D    | return value |
|img_in_data_stream_V_dout     |  in |   16|   ap_fifo  |  img_in_data_stream_V |    pointer   |
|img_in_data_stream_V_empty_n  |  in |    1|   ap_fifo  |  img_in_data_stream_V |    pointer   |
|img_in_data_stream_V_read     | out |    1|   ap_fifo  |  img_in_data_stream_V |    pointer   |
|img_out_data_stream_V_din     | out |   16|   ap_fifo  | img_out_data_stream_V |    pointer   |
|img_out_data_stream_V_full_n  |  in |    1|   ap_fifo  | img_out_data_stream_V |    pointer   |
|img_out_data_stream_V_write   | out |    1|   ap_fifo  | img_out_data_stream_V |    pointer   |
+------------------------------+-----+-----+------------+-----------------------+--------------+

