

================================================================
== Vivado HLS Report for 'threshold'
================================================================
* Date:           Sun Mar 14 17:37:45 2021

* Version:        2019.2 (Build 2704478 on Wed Nov 06 22:10:23 MST 2019)
* Project:        fishery
* Solution:       solution1
* Product family: zynquplus
* Target device:  xczu9eg-ffvb1156-2-e


================================================================
== Performance Estimates
================================================================
+ Timing: 
    * Summary: 
    +--------+----------+----------+------------+
    |  Clock |  Target  | Estimated| Uncertainty|
    +--------+----------+----------+------------+
    |ap_clk  | 10.00 ns | 4.667 ns |   1.25 ns  |
    +--------+----------+----------+------------+

+ Latency: 
    * Summary: 
    +---------+---------+----------+----------+--------+--------+---------+
    |  Latency (cycles) |  Latency (absolute) |     Interval    | Pipeline|
    |   min   |   max   |    min   |    max   |   min  |   max  |   Type  |
    +---------+---------+----------+----------+--------+--------+---------+
    |   129602|   129602| 1.296 ms | 1.296 ms |  129602|  129602|   none  |
    +---------+---------+----------+----------+--------+--------+---------+

    + Detail: 
        * Instance: 
        N/A

        * Loop: 
        +----------+---------+---------+----------+-----------+-----------+--------+----------+
        |          |  Latency (cycles) | Iteration|  Initiation Interval  |  Trip  |          |
        | Loop Name|   min   |   max   |  Latency |  achieved |   target  |  Count | Pipelined|
        +----------+---------+---------+----------+-----------+-----------+--------+----------+
        |- Loop 1  |   129600|   129600|         2|          1|          1|  129600|    yes   |
        +----------+---------+---------+----------+-----------+-----------+--------+----------+



================================================================
== Utilization Estimates
================================================================
* Summary: 
+-----------------+---------+-------+--------+--------+-----+
|       Name      | BRAM_18K| DSP48E|   FF   |   LUT  | URAM|
+-----------------+---------+-------+--------+--------+-----+
|DSP              |        -|      -|       -|       -|    -|
|Expression       |        -|      -|       0|      74|    -|
|FIFO             |        -|      -|       -|       -|    -|
|Instance         |        -|      -|       -|       -|    -|
|Memory           |        -|      -|       -|       -|    -|
|Multiplexer      |        -|      -|       -|      81|    -|
|Register         |        -|      -|      25|       -|    -|
+-----------------+---------+-------+--------+--------+-----+
|Total            |        0|      0|      25|     155|    0|
+-----------------+---------+-------+--------+--------+-----+
|Available        |     1824|   2520|  548160|  274080|    0|
+-----------------+---------+-------+--------+--------+-----+
|Utilization (%)  |        0|      0|   ~0   |   ~0   |    0|
+-----------------+---------+-------+--------+--------+-----+

+ Detail: 
    * Instance: 
    N/A

    * DSP48E: 
    N/A

    * Memory: 
    N/A

    * FIFO: 
    N/A

    * Expression: 
    +----------------------------------+----------+-------+---+----+------------+------------+
    |           Variable Name          | Operation| DSP48E| FF| LUT| Bitwidth P0| Bitwidth P1|
    +----------------------------------+----------+-------+---+----+------------+------------+
    |add_ln887_fu_86_p2                |     +    |      0|  0|  24|          17|           1|
    |ap_block_pp0_stage0_01001         |    and   |      0|  0|   2|           1|           1|
    |icmp_ln1497_fu_100_p2             |   icmp   |      0|  0|  20|          32|          16|
    |icmp_ln887_fu_80_p2               |   icmp   |      0|  0|  20|          17|          12|
    |ap_block_state1                   |    or    |      0|  0|   2|           1|           1|
    |ap_block_state3_pp0_stage0_iter1  |    or    |      0|  0|   2|           1|           1|
    |ap_enable_pp0                     |    xor   |      0|  0|   2|           1|           2|
    |ap_enable_reg_pp0_iter1           |    xor   |      0|  0|   2|           2|           1|
    +----------------------------------+----------+-------+---+----+------------+------------+
    |Total                             |          |      0|  0|  74|          72|          35|
    +----------------------------------+----------+-------+---+----+------------+------------+

    * Multiplexer: 
    +-------------------------+----+-----------+-----+-----------+
    |           Name          | LUT| Input Size| Bits| Total Bits|
    +-------------------------+----+-----------+-----+-----------+
    |IN_data_stream_V_blk_n   |   9|          2|    1|          2|
    |Luminance_img_V_V_blk_n  |   9|          2|    1|          2|
    |ap_NS_fsm                |  21|          4|    1|          4|
    |ap_done                  |   9|          2|    1|          2|
    |ap_enable_reg_pp0_iter1  |  15|          3|    1|          3|
    |indvar_flatten_reg_69    |   9|          2|   17|         34|
    |real_start               |   9|          2|    1|          2|
    +-------------------------+----+-----------+-----+-----------+
    |Total                    |  81|         17|   23|         49|
    +-------------------------+----+-----------+-----+-----------+

    * Register: 
    +-------------------------+----+----+-----+-----------+
    |           Name          | FF | LUT| Bits| Const Bits|
    +-------------------------+----+----+-----+-----------+
    |ap_CS_fsm                |   3|   0|    3|          0|
    |ap_done_reg              |   1|   0|    1|          0|
    |ap_enable_reg_pp0_iter0  |   1|   0|    1|          0|
    |ap_enable_reg_pp0_iter1  |   1|   0|    1|          0|
    |icmp_ln887_reg_119       |   1|   0|    1|          0|
    |indvar_flatten_reg_69    |  17|   0|   17|          0|
    |start_once_reg           |   1|   0|    1|          0|
    +-------------------------+----+----+-----+-----------+
    |Total                    |  25|   0|   25|          0|
    +-------------------------+----+----+-----+-----------+



================================================================
== Interface
================================================================
* Summary: 
+--------------------------+-----+-----+------------+-------------------+--------------+
|         RTL Ports        | Dir | Bits|  Protocol  |   Source Object   |    C Type    |
+--------------------------+-----+-----+------------+-------------------+--------------+
|ap_clk                    |  in |    1| ap_ctrl_hs |     threshold     | return value |
|ap_rst                    |  in |    1| ap_ctrl_hs |     threshold     | return value |
|ap_start                  |  in |    1| ap_ctrl_hs |     threshold     | return value |
|start_full_n              |  in |    1| ap_ctrl_hs |     threshold     | return value |
|ap_done                   | out |    1| ap_ctrl_hs |     threshold     | return value |
|ap_continue               |  in |    1| ap_ctrl_hs |     threshold     | return value |
|ap_idle                   | out |    1| ap_ctrl_hs |     threshold     | return value |
|ap_ready                  | out |    1| ap_ctrl_hs |     threshold     | return value |
|start_out                 | out |    1| ap_ctrl_hs |     threshold     | return value |
|start_write               | out |    1| ap_ctrl_hs |     threshold     | return value |
|IN_data_stream_V_dout     |  in |   16|   ap_fifo  |  IN_data_stream_V |    pointer   |
|IN_data_stream_V_empty_n  |  in |    1|   ap_fifo  |  IN_data_stream_V |    pointer   |
|IN_data_stream_V_read     | out |    1|   ap_fifo  |  IN_data_stream_V |    pointer   |
|Luminance_img_V_V_din     | out |   32|   ap_fifo  | Luminance_img_V_V |    pointer   |
|Luminance_img_V_V_full_n  |  in |    1|   ap_fifo  | Luminance_img_V_V |    pointer   |
|Luminance_img_V_V_write   | out |    1|   ap_fifo  | Luminance_img_V_V |    pointer   |
+--------------------------+-----+-----+------------+-------------------+--------------+

